// Jest Snapshot v1, https://goo.gl/fbAQLP

exports[`Directory renders Directory component 1`] = `
Object {
  "asFragment": [Function],
  "baseElement": <body>
    <div>
      <div
        class="directory"
      >
        <div
          class="directory-item"
        >
          <div
            class="background-image"
            style="background-image: url(https://i.ibb.co/cvpntL1/hats.png);"
          />
          <div
            class="content"
          >
            <h1
              class="title"
            >
              TEST
            </h1>
            <span
              class="subtitle"
            >
              SHOP NOW
            </span>
          </div>
        </div>
        <div
          class="directory-item"
        >
          <div
            class="background-image"
            style="background-image: url(https://i.ibb.co/cvpntL1/hats.png);"
          />
          <div
            class="content"
          >
            <h1
              class="title"
            >
              TEST 2
            </h1>
            <span
              class="subtitle"
            >
              SHOP NOW
            </span>
          </div>
        </div>
      </div>
    </div>
  </body>,
  "container": <div>
    <div
      class="directory"
    >
      <div
        class="directory-item"
      >
        <div
          class="background-image"
          style="background-image: url(https://i.ibb.co/cvpntL1/hats.png);"
        />
        <div
          class="content"
        >
          <h1
            class="title"
          >
            TEST
          </h1>
          <span
            class="subtitle"
          >
            SHOP NOW
          </span>
        </div>
      </div>
      <div
        class="directory-item"
      >
        <div
          class="background-image"
          style="background-image: url(https://i.ibb.co/cvpntL1/hats.png);"
        />
        <div
          class="content"
        >
          <h1
            class="title"
          >
            TEST 2
          </h1>
          <span
            class="subtitle"
          >
            SHOP NOW
          </span>
        </div>
      </div>
    </div>
  </div>,
  "debug": [Function],
  "findAllByAltText": [Function],
  "findAllByDisplayValue": [Function],
  "findAllByLabelText": [Function],
  "findAllByPlaceholderText": [Function],
  "findAllByRole": [Function],
  "findAllByTestId": [Function],
  "findAllByText": [Function],
  "findAllByTitle": [Function],
  "findByAltText": [Function],
  "findByDisplayValue": [Function],
  "findByLabelText": [Function],
  "findByPlaceholderText": [Function],
  "findByRole": [Function],
  "findByTestId": [Function],
  "findByText": [Function],
  "findByTitle": [Function],
  "getAllByAltText": [Function],
  "getAllByDisplayValue": [Function],
  "getAllByLabelText": [Function],
  "getAllByPlaceholderText": [Function],
  "getAllByRole": [Function],
  "getAllByTestId": [Function],
  "getAllByText": [Function],
  "getAllByTitle": [Function],
  "getByAltText": [Function],
  "getByDisplayValue": [Function],
  "getByLabelText": [Function],
  "getByPlaceholderText": [Function],
  "getByRole": [Function],
  "getByTestId": [Function],
  "getByText": [Function],
  "getByTitle": [Function],
  "queryAllByAltText": [Function],
  "queryAllByDisplayValue": [Function],
  "queryAllByLabelText": [Function],
  "queryAllByPlaceholderText": [Function],
  "queryAllByRole": [Function],
  "queryAllByTestId": [Function],
  "queryAllByText": [Function],
  "queryAllByTitle": [Function],
  "queryByAltText": [Function],
  "queryByDisplayValue": [Function],
  "queryByLabelText": [Function],
  "queryByPlaceholderText": [Function],
  "queryByRole": [Function],
  "queryByTestId": [Function],
  "queryByText": [Function],
  "queryByTitle": [Function],
  "rerender": [Function],
  "unmount": [Function],
}
`;
